:15: (assignability.invalid)
:18: (assignability.invalid)
