Assignability.java:70: (assignability.invalid)
Assignability.java:71: (assignability.invalid)
Assignability.java:72: (assignability.invalid)
Assignability.java:73: (assignability.invalid)
Assignability.java:74: (assignability.invalid)
Assignability.java:75: (assignability.invalid)
Assignability.java:76: (assignability.invalid)
Assignability.java:77: (assignability.invalid)
Assignability.java:78: (assignability.invalid)
Assignability.java:90: (assignability.invalid)
Assignability.java:91: (assignability.invalid)
Assignability.java:92: (assignability.invalid)
Assignability.java:93: (assignability.invalid)
Assignability.java:94: (assignability.invalid)
Assignability.java:95: (assignability.invalid)
Assignability.java:96: (assignability.invalid)
Assignability.java:97: (assignability.invalid)
Assignability.java:98: (assignability.invalid)
Assignability.java:111: (assignability.invalid)
Assignability.java:112: (assignability.invalid)
Assignability.java:113: (assignability.invalid)
Assignability.java:114: (assignability.invalid)
Assignability.java:115: (assignability.invalid)
Assignability.java:116: (assignability.invalid)
Assignability.java:117: (assignability.invalid)
Assignability.java:118: (assignability.invalid)
Assignability.java:119: (assignability.invalid)
Assignability.java:121: (assignability.invalid)
Assignability.java:122: (assignability.invalid)
Assignability.java:123: (assignability.invalid)
Assignability.java:124: (assignability.invalid)
Assignability.java:125: (assignability.invalid)
Assignability.java:126: (assignability.invalid)
Assignability.java:127: (assignability.invalid)
Assignability.java:128: (assignability.invalid)
Assignability.java:129: (assignability.invalid)
Assignability.java:172: (assignability.invalid)
Assignability.java:173: (assignability.invalid)
Assignability.java:174: (assignability.invalid)
Assignability.java:175: (assignability.invalid)
Assignability.java:176: (assignability.invalid)
Assignability.java:177: (assignability.invalid)
Assignability.java:178: (assignability.invalid)
Assignability.java:179: (assignability.invalid)
Assignability.java:180: (assignability.invalid)
Assignability.java:192: (assignability.invalid)
Assignability.java:193: (assignability.invalid)
Assignability.java:194: (assignability.invalid)
Assignability.java:195: (assignability.invalid)
Assignability.java:196: (assignability.invalid)
Assignability.java:197: (assignability.invalid)
Assignability.java:198: (assignability.invalid)
Assignability.java:199: (assignability.invalid)
Assignability.java:200: (assignability.invalid)
Assignability.java:275: (assignability.invalid)
Assignability.java:276: (assignability.invalid)
Assignability.java:277: (assignability.invalid)
Assignability.java:278: (assignability.invalid)
Assignability.java:279: (assignability.invalid)
Assignability.java:280: (assignability.invalid)
Assignability.java:281: (assignability.invalid)
Assignability.java:282: (assignability.invalid)
Assignability.java:283: (assignability.invalid)
Assignability.java:295: (assignability.invalid)
Assignability.java:296: (assignability.invalid)
Assignability.java:297: (assignability.invalid)
Assignability.java:298: (assignability.invalid)
Assignability.java:299: (assignability.invalid)
Assignability.java:300: (assignability.invalid)
Assignability.java:301: (assignability.invalid)
Assignability.java:302: (assignability.invalid)
Assignability.java:303: (assignability.invalid)
Assignability.java:318: (assignability.invalid)
Assignability.java:319: (assignability.invalid)
Assignability.java:320: (assignability.invalid)
Assignability.java:321: (assignability.invalid)
Assignability.java:322: (assignability.invalid)
Assignability.java:323: (assignability.invalid)
Assignability.java:324: (assignability.invalid)
Assignability.java:325: (assignability.invalid)
Assignability.java:326: (assignability.invalid)
Assignability.java:328: (assignability.invalid)
Assignability.java:329: (assignability.invalid)
Assignability.java:330: (assignability.invalid)
Assignability.java:331: (assignability.invalid)
Assignability.java:332: (assignability.invalid)
Assignability.java:333: (assignability.invalid)
Assignability.java:334: (assignability.invalid)
Assignability.java:335: (assignability.invalid)
Assignability.java:336: (assignability.invalid)
Assignability.java:379: (assignability.invalid)
Assignability.java:380: (assignability.invalid)
Assignability.java:381: (assignability.invalid)
Assignability.java:382: (assignability.invalid)
Assignability.java:383: (assignability.invalid)
Assignability.java:384: (assignability.invalid)
Assignability.java:385: (assignability.invalid)
Assignability.java:386: (assignability.invalid)
Assignability.java:387: (assignability.invalid)
Assignability.java:399: (assignability.invalid)
Assignability.java:400: (assignability.invalid)
Assignability.java:401: (assignability.invalid)
Assignability.java:402: (assignability.invalid)
Assignability.java:403: (assignability.invalid)
Assignability.java:404: (assignability.invalid)
Assignability.java:405: (assignability.invalid)
Assignability.java:406: (assignability.invalid)
Assignability.java:407: (assignability.invalid)
Assignability.java:482: (assignability.invalid)
Assignability.java:483: (assignability.invalid)
Assignability.java:484: (assignability.invalid)
Assignability.java:485: (assignability.invalid)
Assignability.java:486: (assignability.invalid)
Assignability.java:487: (assignability.invalid)
Assignability.java:488: (assignability.invalid)
Assignability.java:489: (assignability.invalid)
Assignability.java:490: (assignability.invalid)
Assignability.java:502: (assignability.invalid)
Assignability.java:503: (assignability.invalid)
Assignability.java:504: (assignability.invalid)
Assignability.java:505: (assignability.invalid)
Assignability.java:506: (assignability.invalid)
Assignability.java:507: (assignability.invalid)
Assignability.java:508: (assignability.invalid)
Assignability.java:509: (assignability.invalid)
Assignability.java:510: (assignability.invalid)
