Fields.java:13: (type.incompatible)
Fields.java:14: (type.incompatible)
Fields.java:38: (type.incompatible)
Fields.java:39: (type.incompatible)
Fields.java:40: (type.incompatible)
Fields.java:47: (type.incompatible)
Fields.java:48: (type.incompatible)
Fields.java:49: (type.incompatible)
Fields.java:52: (type.incompatible)
Fields.java:53: (type.incompatible)
Fields.java:54: (type.incompatible)
Fields.java:56: (type.incompatible)
Fields.java:57: (type.incompatible)
Fields.java:58: (type.incompatible)
Fields.java:68: (type.incompatible)
Fields.java:69: (type.incompatible)
Fields.java:70: (type.incompatible)
Fields.java:77: (type.incompatible)
Fields.java:78: (type.incompatible)
Fields.java:79: (type.incompatible)
Fields.java:86: (type.incompatible)
Fields.java:87: (type.incompatible)
Fields.java:88: (type.incompatible)
Fields.java:90: (type.incompatible)
Fields.java:91: (type.incompatible)
Fields.java:92: (type.incompatible)
Fields.java:102: (type.incompatible)
Fields.java:103: (type.incompatible)
Fields.java:104: (type.incompatible)
Fields.java:106: (type.incompatible)
Fields.java:107: (type.incompatible)
Fields.java:108: (type.incompatible)
Fields.java:111: (type.incompatible)
Fields.java:112: (type.incompatible)
Fields.java:113: (type.incompatible)
Fields.java:115: (type.incompatible)
Fields.java:116: (type.incompatible)
Fields.java:117: (type.incompatible)
Fields.java:120: (type.incompatible)
Fields.java:121: (type.incompatible)
Fields.java:122: (type.incompatible)
Fields.java:124: (type.incompatible)
Fields.java:125: (type.incompatible)
Fields.java:126: (type.incompatible)
Fields.java:136: (type.incompatible)
Fields.java:137: (type.incompatible)
Fields.java:138: (type.incompatible)
Fields.java:140: (type.incompatible)
Fields.java:141: (type.incompatible)
Fields.java:142: (type.incompatible)
Fields.java:145: (type.incompatible)
Fields.java:146: (type.incompatible)
Fields.java:147: (type.incompatible)
Fields.java:149: (type.incompatible)
Fields.java:150: (type.incompatible)
Fields.java:151: (type.incompatible)
Fields.java:154: (type.incompatible)
Fields.java:155: (type.incompatible)
Fields.java:156: (type.incompatible)
Fields.java:158: (type.incompatible)
Fields.java:159: (type.incompatible)
Fields.java:160: (type.incompatible)
Fields.java:173: (type.incompatible)
Fields.java:174: (type.incompatible)
Fields.java:180: (type.incompatible)
Fields.java:181: (type.incompatible)
Fields.java:184: (type.incompatible)
Fields.java:185: (type.incompatible)
Fields.java:187: (type.incompatible)
Fields.java:188: (type.incompatible)
Fields.java:198: (type.incompatible)
Fields.java:199: (type.incompatible)
Fields.java:205: (type.incompatible)
Fields.java:206: (type.incompatible)
Fields.java:212: (type.incompatible)
Fields.java:213: (type.incompatible)
Fields.java:215: (type.incompatible)
Fields.java:216: (type.incompatible)
Fields.java:230: (type.incompatible)
Fields.java:231: (type.incompatible)
Fields.java:237: (type.incompatible)
Fields.java:238: (type.incompatible)
Fields.java:241: (type.incompatible)
Fields.java:242: (type.incompatible)
Fields.java:244: (type.incompatible)
Fields.java:245: (type.incompatible)
Fields.java:257: (type.incompatible)
Fields.java:258: (type.incompatible)
Fields.java:264: (type.incompatible)
Fields.java:265: (type.incompatible)
Fields.java:271: (type.incompatible)
Fields.java:272: (type.incompatible)
Fields.java:274: (type.incompatible)
Fields.java:275: (type.incompatible)
