:9: (type.incompatible)
:12: (method.invocation.invalid)
