ForEnhanced.java:21: (type.incompatible)
ForEnhanced.java:23: (type.incompatible)
ForEnhanced.java:30: (type.incompatible)
ForEnhanced.java:32: (type.incompatible)
ForEnhanced.java:38: (type.incompatible)
ForEnhanced.java:41: (type.incompatible)
ForEnhanced.java:57: (type.incompatible)
ForEnhanced.java:60: (type.incompatible)
ForEnhanced.java:74: (type.incompatible)
ForEnhanced.java:77: (type.incompatible)
ForEnhanced.java:83: (type.incompatible)
ForEnhanced.java:89: (type.incompatible)
ForEnhanced.java:90: (type.incompatible)
ForEnhanced.java:91: (type.incompatible)
