:55: (assignability.invalid)
:56: (assignability.invalid)
:57: (assignability.invalid)
:58: (assignability.invalid)
:59: (assignability.invalid)
:60: (assignability.invalid)
:61: (assignability.invalid)
:62: (assignability.invalid)
:74: (assignability.invalid)
:75: (assignability.invalid)
:81: (method.invocation.invalid)
:82: (method.invocation.invalid)
:102: (method.invocation.invalid)
:108: (method.invocation.invalid)
:109: (method.invocation.invalid)
:110: (assignability.invalid)
:112: (method.invocation.invalid)
:114: (assignability.invalid)
:125: (type.incompatible)
:126: (type.incompatible)