:20: (type.incompatible)
:21: (type.incompatible)
:22: (type.incompatible)
:25: (type.incompatible)
:27: (type.incompatible)
:28: (type.incompatible)
:53: (assignability.invalid)