:18: (method.invocation.invalid)
:21: (method.invocation.invalid)
:24: (method.invocation.invalid)
:28: (method.invocation.invalid)
:35: (method.invocation.invalid)
:38: (method.invocation.invalid)
:42: (method.invocation.invalid)
:46: (method.invocation.invalid)
