ListNode.java:29: (type.incompatible)
ListNode.java:34: (type.incompatible)
