MethodInvocation.java:17: (method.invocation.invalid)
MethodInvocation.java:22: (method.invocation.invalid)
MethodInvocation.java:27: (method.invocation.invalid)
MethodInvocation.java:31: (method.invocation.invalid)
MethodInvocation.java:34: (method.invocation.invalid)
MethodInvocation.java:36: (method.invocation.invalid)
MethodInvocation.java:37: (method.invocation.invalid)
MethodInvocation.java:39: (method.invocation.invalid)
MethodInvocation.java:43: (method.invocation.invalid)
MethodInvocation.java:46: (method.invocation.invalid)
MethodInvocation.java:48: (method.invocation.invalid)
MethodInvocation.java:51: (method.invocation.invalid)
MethodInvocation.java:54: (method.invocation.invalid)
MethodInvocation.java:58: (method.invocation.invalid)
MethodInvocation.java:61: (method.invocation.invalid)
MethodInvocation.java:63: (method.invocation.invalid)
MethodInvocation.java:64: (method.invocation.invalid)
MethodInvocation.java:66: (method.invocation.invalid)
MethodInvocation.java:70: (method.invocation.invalid)
MethodInvocation.java:71: (method.invocation.invalid)
MethodInvocation.java:73: (method.invocation.invalid)
MethodInvocation.java:75: (method.invocation.invalid)
MethodInvocation.java:76: (method.invocation.invalid)
MethodInvocation.java:78: (method.invocation.invalid)
MethodInvocation.java:81: (method.invocation.invalid)
MethodInvocation.java:85: (method.invocation.invalid)
MethodInvocation.java:88: (method.invocation.invalid)
MethodInvocation.java:90: (method.invocation.invalid)
MethodInvocation.java:91: (method.invocation.invalid)
MethodInvocation.java:93: (method.invocation.invalid)
MethodInvocation.java:97: (method.invocation.invalid)
MethodInvocation.java:98: (method.invocation.invalid)
MethodInvocation.java:102: (method.invocation.invalid)
MethodInvocation.java:103: (method.invocation.invalid)
MethodInvocation.java:108: (method.invocation.invalid)
MethodInvocation.java:112: (method.invocation.invalid)
MethodInvocation.java:115: (method.invocation.invalid)
MethodInvocation.java:117: (method.invocation.invalid)
MethodInvocation.java:118: (method.invocation.invalid)
MethodInvocation.java:120: (method.invocation.invalid)
MethodInvocation.java:125: (method.invocation.invalid)
MethodInvocation.java:130: (method.invocation.invalid)
MethodInvocation.java:135: (method.invocation.invalid)
MethodInvocation.java:141: (method.invocation.invalid)
MethodInvocation.java:144: (method.invocation.invalid)
MethodInvocation.java:146: (method.invocation.invalid)
MethodInvocation.java:149: (method.invocation.invalid)
MethodInvocation.java:151: (method.invocation.invalid)
MethodInvocation.java:154: (method.invocation.invalid)
MethodInvocation.java:158: (method.invocation.invalid)
MethodInvocation.java:159: (method.invocation.invalid)
MethodInvocation.java:161: (method.invocation.invalid)
MethodInvocation.java:163: (method.invocation.invalid)
MethodInvocation.java:164: (method.invocation.invalid)
MethodInvocation.java:166: (method.invocation.invalid)
