:54: (assignability.invalid)
:55: (assignability.invalid)
:56: (assignability.invalid)
:57: (assignability.invalid)
:58: (assignability.invalid)
:59: (assignability.invalid)
:60: (assignability.invalid)
:61: (assignability.invalid)
:73: (assignability.invalid)
:74: (assignability.invalid)
:80: (method.invocation.invalid)
:81: (method.invocation.invalid)
:101: (method.invocation.invalid)
:107: (method.invocation.invalid)
:108: (method.invocation.invalid)
:109: (assignability.invalid)
:111: (method.invocation.invalid)
:113: (assignability.invalid)
