ThisReference.java:17: (type.incompatible)
ThisReference.java:18: (type.incompatible)
ThisReference.java:23: (type.incompatible)
ThisReference.java:24: (type.incompatible)
ThisReference.java:30: (type.incompatible)
