:11: (type.incompatible)
:16: (type.incompatible)
:20: (type.incompatible)
:34: (type.incompatible)
:46: (type.incompatible)
