:13: (type.incompatible)
:18: (type.incompatible)
:19: (type.incompatible)
:31: (type.incompatible)
:57: (type.incompatible)
:66: (type.incompatible)