:20: (type.incompatible)
:21: (type.incompatible)
:31: (type.incompatible)
:32: (type.incompatible)
