MissingSymbolCrash.java:7: cannot find symbol
MissingSymbolCrash.java:7: cannot find symbol