TypeInference.java:8: (type.incompatible)
TypeInference.java:9: (type.incompatible)
TypeInference.java:22: (type.incompatible)
