:14: (type.incompatible)
:26: (type.incompatible)
:28: (type.incompatible)
:29: (type.incompatible)
:30: (type.incompatible)
