:14: (type.incompatible)
:19: (type.incompatible)
:24: (type.incompatible)
:32: (type.incompatible)
:33: (type.incompatible)
:34: (type.incompatible)
:36: (type.incompatible)
:37: (type.incompatible)
:38: (type.incompatible)
