:10: (unguarded.access)
:14: (unguarded.access)
:24: (unguarded.access)
:36: (unguarded.access)
:39: (unguarded.access)
:49: (unguarded.access)
:63: (unguarded.access)
:64: (unguarded.access)
:68: (unguarded.access)
:70: (unguarded.access)
:74: (unguarded.access)
:75: (unguarded.access)
