:17: (unguarded.access)
:19: (unguarded.invocation)
