:7: (unboxing.of.nullable)
:14: (type.incompatible)
:27: (unboxing.of.nullable)
:28: (unboxing.of.nullable)
:41: (unboxing.of.nullable)
:43: (unboxing.of.nullable)
:49: (unboxing.of.nullable)
:52: (unboxing.of.nullable)
:74: (unboxing.of.nullable)
:75: (unboxing.of.nullable)
:82: (unboxing.of.nullable)
:82: (unboxing.of.nullable)
:83: (unboxing.of.nullable)
:88: (unboxing.of.nullable)
:97: (unboxing.of.nullable)
