:11: (dereference.of.nullable)
:16: (type.incompatible)
:17: (unboxing.of.nullable)
