:16: (dereference.of.nullable)
:17: (dereference.of.nullable)
:19: (dereference.of.nullable)
:23: (dereference.of.nullable)
:24: (dereference.of.nullable)
:30: (dereference.of.nullable)
:32: (dereference.of.nullable)
:40: (dereference.of.nullable)
:41: (dereference.of.nullable)
:43: (dereference.of.nullable)
:44: (dereference.of.nullable)
:49: (dereference.of.nullable)
:50: (dereference.of.nullable)
:51: (dereference.of.nullable)
:52: (dereference.of.nullable)
:59: (dereference.of.nullable)
:60: (dereference.of.nullable)
:61: (dereference.of.nullable)
:63: (dereference.of.nullable)
