:15: (type.incompatible)
:17: (type.incompatible)
:24: (type.incompatible)
:26: (type.incompatible)
:32: (type.incompatible)
:44: (type.incompatible)
:48: (type.incompatible)
:52: (type.incompatible)
:71: (type.incompatible)
:73: (type.incompatible)
:73: (generic.argument.invalid)
:99: (type.incompatible)
:101: (type.incompatible)
