:18: (type.incompatible)
:20: (type.incompatible)
:26: (type.incompatible)
:31: (type.incompatible)
:34: (type.incompatible)
:42: (type.incompatible)
:52: (type.incompatible)
