:20: (dereference.of.nullable)
:66: (dereference.of.nullable)
