:26: (dereference.of.nullable)
:33: (dereference.of.nullable)
:56: (dereference.of.nullable)
:62: (dereference.of.nullable)
:68: (dereference.of.nullable)
:71: (dereference.of.nullable)
