:11: (dereference.of.nullable)
:17: (dereference.of.nullable)
:32: (dereference.of.nullable)
:54: (dereference.of.nullable)
:62: (dereference.of.nullable)
:72: (dereference.of.nullable)
:77: (dereference.of.nullable)
:79: (dereference.of.nullable)
:86: (dereference.of.nullable)
:93: (dereference.of.nullable)
:101: (dereference.of.nullable)
:107: (dereference.of.nullable)
:115: (dereference.of.nullable)
:123: (dereference.of.nullable)
