:14: (type.incompatible)
:25: (type.incompatible)
:39: (type.incompatible)
:52: (type.incompatible)
:66: (type.incompatible)
:80: (type.incompatible)
:94: (type.incompatible)
:108: (type.incompatible)
:119: (type.incompatible)
:131: (type.incompatible)
:143: (type.incompatible)
:152: (type.incompatible)
:182: (dereference.of.nullable)
:185: (dereference.of.nullable)
:194: (dereference.of.nullable)
:267: (dereference.of.nullable)
:274: (type.incompatible)
:280: (dereference.of.nullable)
