:19: (type.incompatible)
:24: (generic.argument.invalid)
:32: (generic.argument.invalid)
:33: (type.incompatible)
:43: (type.incompatible)
