:14: (type.incompatible)
:25: (type.incompatible)
:39: (type.incompatible)
:52: (type.incompatible)
:66: (type.incompatible)
:80: (type.incompatible)
:94: (type.incompatible)
:108: (type.incompatible)
:119: (type.incompatible)
:131: (type.incompatible)
:143: (type.incompatible)
:152: (type.incompatible)
:180: (type.incompatible)
:189: (type.incompatible)
:193: (type.incompatible)
:197: (type.incompatible)