:19: (dereference.of.nullable)
:24: (dereference.of.nullable)
:27: (dereference.of.nullable)
:32: (dereference.of.nullable)
:40: (dereference.of.nullable)
:46: (dereference.of.nullable)
:53: (dereference.of.nullable)
:54: (dereference.of.nullable)
