:29: (type.incompatible)
:34: (dereference.of.nullable)
