:19: (type.incompatible)
:22: (type.incompatible)
