Creation.java:13: (type.incompatible)
Creation.java:16: (not.interned)
Creation.java:23: (type.incompatible)
Creation.java:27: (type.incompatible)
Creation.java:31: (type.incompatible)
Creation.java:35: (type.incompatible)
Creation.java:39: (type.incompatible)
