Generics.java:19: (type.incompatible)
Generics.java:28: (type.incompatible)
Generics.java:30: (type.incompatible)
Generics.java:53: (type.incompatible)
Generics.java:58: (type.incompatible)
Generics.java:70: (override.return.invalid)
