MethodInvocation.java:8: (method.invocation.invalid)
MethodInvocation.java:11: (method.invocation.invalid)
MethodInvocation.java:17: (method.invocation.invalid)
MethodInvocation.java:31: (method.invocation.invalid)