StringIntern.java:39: (type.incompatible)
StringIntern.java:42: (not.interned)
StringIntern.java:44: (not.interned)
