:17: (primitive.ro)
:20: (primitive.ro)
:21: (primitive.ro)
:26: (primitive.ro)
:27: (primitive.ro)
:28: (primitive.ro)
:29: (primitive.ro)
:38: (type.incompatible)
:41: (type.incompatible)
:42: (type.incompatible)
:43: (type.incompatible)
:44: (type.incompatible)
:49: (type.incompatible)
:52: (type.incompatible)
:53: (type.incompatible)
:54: (type.incompatible)
:55: (type.incompatible)
:64: (type.incompatible)
:65: (type.incompatible)
:66: (type.incompatible)
:75: (type.incompatible)
:78: (type.incompatible)
:79: (type.incompatible)
:80: (type.incompatible)
:81: (type.incompatible)
:86: (type.incompatible)
:89: (type.incompatible)
:90: (type.incompatible)
:91: (type.incompatible)
:92: (type.incompatible)
:101: (type.incompatible)
:102: (type.incompatible)
:103: (type.incompatible)
:112: (type.incompatible)
:115: (type.incompatible)
:118: (type.incompatible)
:123: (type.incompatible)
:126: (type.incompatible)
:129: (type.incompatible)
:149: (type.incompatible)
:152: (type.incompatible)
:155: (type.incompatible)
:160: (type.incompatible)
:163: (type.incompatible)
:166: (type.incompatible)
:186: (type.incompatible)
:189: (type.incompatible)
:192: (type.incompatible)
:197: (type.incompatible)
:200: (type.incompatible)
:203: (type.incompatible)
:223: (type.incompatible)
:226: (type.incompatible)
:229: (type.incompatible)
:234: (type.incompatible)
:237: (type.incompatible)
:240: (type.incompatible)
