:52: (primitive.ro)
:53: (type.incompatible)
:54: (ro.field)
:55: (ro.field)
:56: (ro.field)
:58: (type.incompatible)
:60: (ro.field)
:61: (method.invocation.invalid)
:62: (type.incompatible)
:63: (type.incompatible)
:64: (type.incompatible)
:65: (type.incompatible)
:68: (type.incompatible)
:70: (type.incompatible)
:72: (type.incompatible)
:74: (ro.field)