:16: (type.incompatible)
:18: (type.incompatible)
:19: (type.incompatible)
:21: (type.incompatible)
:22: (type.incompatible)
:26: (type.incompatible)
:27: (type.incompatible)