:19: (polyread.type)
:23: (override.receiver.invalid)
:27: (override.return.invalid)
:32: (override.return.invalid)
:41: (override.return.invalid)
:46: (override.receiver.invalid)
