Generics.java:17: (type.incompatible)
Generics.java:18: (type.incompatible)
Generics.java:20: (type.incompatible)
Generics.java:21: (type.incompatible)
Generics.java:23: (type.incompatible)
Generics.java:25: (type.incompatible)
Generics.java:26: (type.incompatible)
Generics.java:28: (type.incompatible)
Generics.java:37: (type.incompatible)
Generics.java:38: (type.incompatible)
Generics.java:39: (type.incompatible)
Generics.java:41: (type.incompatible)
Generics.java:42: (type.incompatible)
Generics.java:44: (type.incompatible)
Generics.java:45: (type.incompatible)
Generics.java:46: (type.incompatible)
Generics.java:47: (type.incompatible)
Generics.java:49: (type.incompatible)
Generics.java:51: (type.incompatible)
Generics.java:52: (type.incompatible)
Generics.java:53: (type.incompatible)
