QReadOnlys.java:19: (type.incompatible)
QReadOnlys.java:20: (type.incompatible)
QReadOnlys.java:21: (type.incompatible)
QReadOnlys.java:24: (type.incompatible)
QReadOnlys.java:26: (type.incompatible)
QReadOnlys.java:27: (type.incompatible)
QReadOnlys.java:28: (type.incompatible)
QReadOnlys.java:29: (type.incompatible)
QReadOnlys.java:32: (type.incompatible)
QReadOnlys.java:33: (type.incompatible)
QReadOnlys.java:35: (type.incompatible)
QReadOnlys.java:36: (type.incompatible)
QReadOnlys.java:37: (type.incompatible)
QReadOnlys.java:48: (type.incompatible)
QReadOnlys.java:50: (type.incompatible)
QReadOnlys.java:51: (type.incompatible)
QReadOnlys.java:53: (type.incompatible)
QReadOnlys.java:56: (type.incompatible)
QReadOnlys.java:57: (type.incompatible)
QReadOnlys.java:59: (type.incompatible)
QReadOnlys.java:60: (type.incompatible)
QReadOnlys.java:67: (type.incompatible)
